// Jest Snapshot v1, https://goo.gl/fbAQLP

exports[`<Todo /> mounting behavior should match snapshot 1`] = `
<li
  onClick={[MockFunction]}
  style={
    Object {
      "textDecoration": "none",
    }
  }
>
  Todo 1
</li>
`;
